
> vip-transfer@0.1.0 build
> next build

▲ Next.js 16.1.6 (Turbopack)

  Creating an optimized production build ...
✓ Compiled successfully in 10.1s
  Running TypeScript ...
  Collecting page data using 3 workers ...
  Generating static pages using 3 workers (0/7) ...
  Generating static pages using 3 workers (1/7)
  Generating static pages using 3 workers (3/7)
  Generating static pages using 3 workers (5/7)
✓ Generating static pages using 3 workers (7/7) in 486.3ms
  Finalizing page optimization ...

Route (app)
┌ ○ /_not-found
└ ● /[locale]
  ├ /en
  ├ /ru
  ├ /tr
  └ /de


ƒ Proxy (Middleware)

○  (Static)  prerendered as static content
●  (SSG)     prerendered as static HTML (uses generateStaticParams)
